23:31:29 **** Incremental Build of configuration Debug for project Timer_interrupt ****
make -j16 all 
arm-none-eabi-gcc "../Src/main.c" -mcpu=cortex-m4 -std=gnu11 -g3 -DDEBUG -DSTM32 -DSTM32F4 -DSTM32F411RETx -DSTM32F411xE -c -I../Inc -I"C:/Users/coolz/Desktop/Embedded programming_2/Timer_interrupt/Drivers/CMSIS/Device/ST/STM32F4xx/Include" -I"C:/Users/coolz/Desktop/Embedded programming_2/Timer_interrupt/Drivers/CMSIS/Include" -O0 -ffunction-sections -fdata-sections -Wall -fstack-usage -MMD -MP -MF"Src/main.d" -MT"Src/main.o" --specs=nano.specs -mfpu=fpv4-sp-d16 -mfloat-abi=hard -mthumb -o "Src/main.o"
arm-none-eabi-gcc -o "Timer_interrupt.elf" @"objects.list"   -mcpu=cortex-m4 -T"C:\Users\coolz\Desktop\Embedded programming_2\Timer_interrupt\STM32F411RETX_FLASH.ld" --specs=nosys.specs -Wl,-Map="Timer_interrupt.map" -Wl,--gc-sections -static --specs=nano.specs -mfpu=fpv4-sp-d16 -mfloat-abi=hard -mthumb -Wl,--start-group -lc -lm -Wl,--end-group
Finished building target: Timer_interrupt.elf
 
arm-none-eabi-size   Timer_interrupt.elf 
arm-none-eabi-objdump -h -S  Timer_interrupt.elf  > "Timer_interrupt.list"
arm-none-eabi-objcopy  -O binary  Timer_interrupt.elf  "Timer_interrupt.bin"
   text	   data	    bss	    dec	    hex	filename
   5668	    108	   1596	   7372	   1ccc	Timer_interrupt.elf
Finished building: default.size.stdout
 
Finished building: Timer_interrupt.list
Finished building: Timer_interrupt.bin
 
 
23:31:42 **** Incremental Build of configuration Debug for project Timer_interrupt ****
make -j16 all 
arm-none-eabi-size   Timer_interrupt.elf 
   text	   data	    bss	    dec	    hex	filename
   5668	    108	   1596	   7372	   1ccc	Timer_interrupt.elf
Finished building: default.size.stdout
 
